Report       : Portrait Test ILI9325
Date         : 05-15-2014
Time         : 18:56:28

Compiler     : BASCOM-AVR LIBRARY V 2.0.7.1
Processor    : USB1287
SRAM         : 2000 hex
EEPROM       : 1000 hex
ROMSIZE      : 20000 hex

ROMIMAGE     : 1A214 hex  -> Will fit into ROM
ROMIMAGE     :  107028 dec
FLASH USED   :  81  %
BAUD         : 9600 Baud
XTAL         : 8000000 Hz
BAUD error   : 0.16%

Stack start  : 20FF hex
Stack size   : 200 hex
S-Stacksize  : 200 hex
S-Stackstart : 1F00 hex
Framesize    : 200 hex
Framestart   : 1B00 hex
Space left   :  6578  dec

LCD DB7      : PORTB.7
LCD DB6      : PORTB.6
LCD DB5      : PORTB.5
LCD DB4      : PORTB.4
LCD E        : PORTB.3
LCD RS       : PORTB.2
LCD mode     :  4  bit

--------------------------------------------------------------------------------
Variable                         Type            Address(hex)   Address(dec)
--------------------------------------------------------------------------------
UDFNUM                           Word              00E4          228 
UHFNUM                           Word              00A2          162 
UDPADD                           Word              00DB          219 
UBRR1                            Word              00CC          204 
OCR3C                            Word              009C          156 
PWM3C                            Word              009C          156 
OCR3B                            Word              009A          154 
PWM3B                            Word              009A          154 
OCR3A                            Word              0098          152 
PWM3A                            Word              0098          152 
ICR3                             Word              0096          150 
TCNT3                            Word              0094          148 
OCR1C                            Word              008C          140 
PWM1C                            Word              008C          140 
OCR1B                            Word              008A          138 
PWM1B                            Word              008A          138 
OCR1A                            Word              0088          136 
PWM1A                            Word              0088          136 
ICR1                             Word              0086          134 
TCNT1                            Word              0084          132 
ADC                              Word              0078          120 
SP                               Word              005D          93 
EEAR                             Word              0041          65 
COMPARE3C                        Word              009C          156 
PWM3C                            Word              009C          156 
COMPARE3B                        Word              009A          154 
PWM3B                            Word              009A          154 
COMPARE3A                        Word              0098          152 
PWM3A                            Word              0098          152 
CAPTURE3                         Word              0096          150 
TIMER3                           Word              0094          148 
COMPARE1C                        Word              008C          140 
PWM1C                            Word              008C          140 
COMPARE1B                        Word              008A          138 
PWM1B                            Word              008A          138 
COMPARE1A                        Word              0088          136 
PWM1A                            Word              0088          136 
CAPTURE1                         Word              0086          134 
TIMER1                           Word              0084          132 
HWSTACK                          Word              005D          93 
SWSTACK                          Word              001C          28 
FRAME                            Word              0004          4 
ADCD                             Word              0078          120 
COUNTER1                         Word              0084          132 
TIMER1                           Word              0084          132 
CAPTURE1                         Word              0086          134 
CAPTURE3                         Word              0096          150 
COMPARE1A                        Word              0088          136 
PWM1A                            Word              0088          136 
COMPARE1                         Word              0088          136 
PWM1B                            Word              008A          138 
COMPARE1B                        Word              008A          138 
PWM1C                            Word              008C          140 
COMPARE1C                        Word              008C          140 
COUNTER3                         Word              0094          148 
TIMER3                           Word              0094          148 
COMPARE3A                        Word              0098          152 
PWM3A                            Word              0098          152 
COMPARE3                         Word              0098          152 
PWM3B                            Word              009A          154 
COMPARE3B                        Word              009A          154 
PWM3C                            Word              009C          156 
COMPARE3C                        Word              009C          156 
PWM0A                            Byte              0047          71 
PWM0B                            Byte              0048          72 
PWM2A                            Byte              00B3          179 
PWM2B                            Byte              00B4          180 
ERR                              Bit               0006          6 
COLOR_H_ILI9325                  Byte              0101          257 
COLOR_L_ILI9325                  Byte              0102          258 
TEMP_STRING_ILI9325              String            0103          259 
TEMP_S_OVERLAY                   Byte (32)         0103          259 
DIGIT_FONT                       Bit               0124          292 
LABEL_POINT_ILI9325              Word              0125          293 
FONTSET_ILI9325                  Word              0127          295 
RGB16_ILI9325                    Word              0129          297 
RGB16_ILI9325_LOW                Byte              0129          297 
RGB16_ILI9325_HIGH               Byte              012A          298 
RGB16_ILI9325D                   Word              012B          299 
RGB16_ILI9325D_LOW               Byte              012B          299 
RGB16_ILI9325D_HIGH              Byte              012C          300 
TEMP_X_ILI9325                   Word              012D          301 
TEMP_X_ILI9325_L                 Byte              012D          301 
TEMP_X_ILI9325_H                 Byte              012E          302 
TEMP_Y_ILI9325                   Word              012F          303 
TEMP_Y_ILI9325_L                 Byte              012F          303 
TEMP_Y_ILI9325_H                 Byte              0130          304 
SPI_ADDRESS_ILI9325              Dword             0131          305 
SPI_ADDRESS_ILI9325_1            Byte              0131          305 
SPI_ADDRESS_ILI9325_2            Byte              0132          306 
SPI_ADDRESS_ILI9325_3            Byte              0133          307 
COUNT                            Word              0135          309 
TEXT                             String            0137          311 
N                                Word              0148          328 
M                                Word              014A          330 
B                                Byte              014C          332 

--------------------------------------------------------------------------------
Constant                         Value
--------------------------------------------------------------------------------
TESTPADSTATUS                    &HFD
TESTPADPULL                      &HFE
TESTPADCTRL                      &HFF
UPERRX                           &HF5
UEINT                            &HF4
UPINT                            &HF8
UEBCHX                           &HF3
UPBCHX                           &HF7
UEBCLX                           &HF2
UPBCLX                           &HF6
UEDATX                           &HF1
UPDATX                           &HAF
UEIENX                           &HF0
UPIENX                           &HAE
UESTA1X                          &HEF
UPCFG2X                          &HAD
UESTA$                           &HEE
UPSTAX                           &HAC
UECFG1X                          &HED
UPCFG1X                          &HAB
UECFG0X                          &HEC
UPCFG0X                          &HAA
UECONX                           &HEB
UPCONX                           &HA9
UERST                            &HEA
UPRST                            &HA8
UENUM                            &HE9
UPNUM                            &HA7
UEINTX                           &HE8
UPINTX                           &HA6
UDTST                            &HE7
UPINRQX                          &HA5
UDMFN                            &HE6
UHFLEN                           &HA4
UDFNUMH                          &HE5
UHFNUMH                          &HA3
UDFNUML                          &HE4
UHFNUML                          &HA2
UDADDR                           &HE3
UHADDR                           &HA1
UDIEN                            &HE2
UHIEN                            &HA0
UDINT                            &HE1
UHINT                            &H9F
UDCON                            &HE0
UHCON                            &H9E
OTGINT                           &HDF
OTGIEN                           &HDE
OTGCON                           &HDD
OTGTCON                          &HF9
UDPADDH                          &HDC
UDPADDL                          &HDB
USBINT                           &HDA
USBSTA                           &HD9
USBCON                           &HD8
UHWCON                           &HD7
UDR1                             &HCE
UDR                              &HCE
UBRR                             &HCC
UBRR1L                           &HCC
UBRR1H                           &HCD
UBRRHI                           &HCD
UCSR1C                           &HCA
UCSRC                            &HCA
UCSR1B                           &HC9
UCR                              &HC9
UCSR1A                           &HC8
UCSRA                            &HC8
UCSR0A                           &HC8
USR                              &HC8
TWAMR                            &HBD
TWCR                             &HBC
TWDR                             &HBB
TWAR                             &HBA
TWSR                             &HB9
TWBR                             &HB8
ASSR                             &HB6
OCR2B                            &HB4
PWM2B                            &HB4
COMPARE2B                        &HB4
OCR2A                            &HB3
COMPARE2A                        &HB3
PWM2A                            &HB3
TCNT2                            &HB2
TIMER2                           &HB2
COUNTER2                         &HB2
TCCR2                            &HB1
TCCR2B                           &HB1
TCCR2A                           &HB0
OCR3CL                           &H9C
OCR3CH                           &H9D
OCR3BL                           &H9A
OCR3BH                           &H9B
OCR3AL                           &H98
OCR3AH                           &H99
ICR3L                            &H96
ICR3H                            &H97
TCNT3L                           &H94
TCNT3H                           &H95
TCCR3C                           &H92
TCCR3B                           &H91
TCCR3A                           &H90
OCR1CL                           &H8C
OCR1CH                           &H8D
OCR1BL                           &H8A
OCR1BH                           &H8B
OCR1AL                           &H88
OCR1AH                           &H89
ICR1L                            &H86
ICR1H                            &H87
TCNT1L                           &H84
TCNT1H                           &H85
TCCR1C                           &H82
TCCR1B                           &H81
TCCR1A                           &H80
DIDR1                            &H7F
DIDR0                            &H7E
DIDR2                            &H7D
ADMUX                            &H7C
ADCSRB                           &H7B
ADCSRA                           &H7A
ADCSR                            &H7A
ADCH                             &H79
ADCL                             &H78
XMCRB                            &H75
XMCRA                            &H74
TIMSK5                           &H73
TIMSK4                           &H72
TIMSK3                           &H71
TIMSK2                           &H70
TIMSK1                           &H6F
TIMSK0                           &H6E
PCMSK2                           &H6D
PCMSK1                           &H6C
PCMSK0                           &H6B
EICRB                            &H6A
EICRA                            &H69
PCICR                            &H68
OSCCAL                           &H66
PRR1                             &H65
PRR0                             &H64
CLKPR                            &H61
WDTCSR                           &H60
WDTCR                            &H60
SREG                             &H3F
SPH                              &H3E
SPL                              &H3D
EIND                             &H3C
RAMPZ                            &H3B
SPMCSR                           &H37
MCUCR                            &H35
MCUSR                            &H34
MCUCSR                           &H34
SMCR                             &H33
OCDR                             &H31
ACSR                             &H30
SPDR                             &H2E
SPSR                             &H2D
SPCR                             &H2C
GPIOR2                           &H2B
GPIOR1                           &H2A
PLLCSR                           &H29
OCR0B                            &H28
PWM0B                            &H28
COMPARE0B                        &H28
OCR0A                            &H27
PWM0A                            &H27
COMPARE0A                        &H27
TCNT0                            &H26
COUNTER0                         &H26
TIMER0                           &H26
TCCR0B                           &H25
TCCR0A                           &H24
GTCCR                            &H23
EEARH                            &H22
EEARL                            &H21
EEDR                             &H20
EECR                             &H1F
GPIOR0                           &H1E
EIMSK                            &H1D
EIFR                             &H1C
PCIFR                            &H1B
TIFR5                            &H1A
TIFR4                            &H19
TIFR3                            &H18
TIFR2                            &H17
TIFR1                            &H16
TIFR0                            &H15
PORTF                            &H11
DDRF                             &H10
PINF                             &H0F
PORTE                            &H0E
DDRE                             &H0D
PINE                             &H0C
PORTD                            &H0B
DDRD                             &H0A
PIND                             &H09
PORTC                            &H08
DDRC                             &H07
PINC                             &H06
PORTB                            &H05
DDRB                             &H04
PINB                             &H03
PORTA                            &H02
DDRA                             &H01
PINA                             &H00
WDP0                             0
WDP1                             1
WDP2                             2
WDE                              3
WDCE                             4
WDP3                             5
WDIE                             6
WDIF                             7
PORTA0                           0
PA0                              0
PORTA1                           1
PA1                              1
PORTA2                           2
PA2                              2
PORTA3                           3
PA3                              3
PORTA4                           4
PA4                              4
PORTA5                           5
PA5                              5
PORTA6                           6
PA6                              6
PORTA7                           7
PA7                              7
DDA0                             0
DDA1                             1
DDA2                             2
DDA3                             3
DDA4                             4
DDA5                             5
DDA6                             6
DDA7                             7
PINA0                            0
PINA1                            1
PINA2                            2
PINA3                            3
PINA4                            4
PINA5                            5
PINA6                            6
PINA7                            7
PORTB0                           0
PB0                              0
PORTB1                           1
PB1                              1
PORTB2                           2
PB2                              2
PORTB3                           3
PB3                              3
PORTB4                           4
PB4                              4
PORTB5                           5
PB5                              5
PORTB6                           6
PB6                              6
PORTB7                           7
PB7                              7
DDB0                             0
DDB1                             1
DDB2                             2
DDB3                             3
DDB4                             4
DDB5                             5
DDB6                             6
DDB7                             7
PINB0                            0
PINB1                            1
PINB2                            2
PINB3                            3
PINB4                            4
PINB5                            5
PINB6                            6
PINB7                            7
PORTC0                           0
PC0                              0
PORTC1                           1
PC1                              1
PORTC2                           2
PC2                              2
PORTC3                           3
PC3                              3
PORTC4                           4
PC4                              4
PORTC5                           5
PC5                              5
PORTC6                           6
PC6                              6
PORTC7                           7
PC7                              7
DDC0                             0
DDC1                             1
DDC2                             2
DDC3                             3
DDC4                             4
DDC5                             5
DDC6                             6
DDC7                             7
PINC0                            0
PINC1                            1
PINC2                            2
PINC3                            3
PINC4                            4
PINC5                            5
PINC6                            6
PINC7                            7
PORTD0                           0
PD0                              0
PORTD1                           1
PD1                              1
PORTD2                           2
PD2                              2
PORTD3                           3
PD3                              3
PORTD4                           4
PD4                              4
PORTD5                           5
PD5                              5
PORTD6                           6
PD6                              6
PORTD7                           7
PD7                              7
DDD0                             0
DDD1                             1
DDD2                             2
DDD3                             3
DDD4                             4
DDD5                             5
DDD6                             6
DDD7                             7
PIND0                            0
PIND1                            1
PIND2                            2
PIND3                            3
PIND4                            4
PIND5                            5
PIND6                            6
PIND7                            7
PORTE0                           0
PE0                              0
PORTE1                           1
PE1                              1
PORTE2                           2
PE2                              2
PORTE3                           3
PE3                              3
PORTE4                           4
PE4                              4
PORTE5                           5
PE5                              5
PORTE6                           6
PE6                              6
PORTE7                           7
PE7                              7
DDE0                             0
DDE1                             1
DDE2                             2
DDE3                             3
DDE4                             4
DDE5                             5
DDE6                             6
DDE7                             7
PINE0                            0
PINE1                            1
PINE2                            2
PINE3                            3
PINE4                            4
PINE5                            5
PINE6                            6
PINE7                            7
PORTF0                           0
PF0                              0
PORTF1                           1
PF1                              1
PORTF2                           2
PF2                              2
PORTF3                           3
PF3                              3
PORTF4                           4
PF4                              4
PORTF5                           5
PF5                              5
PORTF6                           6
PF6                              6
PORTF7                           7
PF7                              7
DDF0                             0
DDF1                             1
DDF2                             2
DDF3                             3
DDF4                             4
DDF5                             5
DDF6                             6
DDF7                             7
PINF0                            0
PINF1                            1
PINF2                            2
PINF3                            3
PINF4                            4
PINF5                            5
PINF6                            6
PINF7                            7
SREG_C                           0
SREG_Z                           1
SREG_N                           2
SREG_V                           3
SREG_S                           4
SREG_H                           5
SREG_T                           6
SREG_I                           7
IVCE                             0
IVSEL                            1
PUD                              4
JTD                              7
PORF                             0
EXTRF                            1
BORF                             2
WDRF                             3
JTRF                             4
SRW00                            0
SRW01                            1
SRW10                            2
SRW11                            3
SRL0                             4
SRL1                             5
SRL2                             6
SRE                              7
XMM0                             0
XMM1                             1
XMM2                             2
XMBK                             7
CAL0                             0
CAL1                             1
CAL2                             2
CAL3                             3
CAL4                             4
CAL5                             5
CAL6                             6
CAL7                             7
CLKPS0                           0
CLKPS1                           1
CLKPS2                           2
CLKPS3                           3
CLKPCE                           7
SE                               0
SM0                              1
SM1                              2
SM2                              3
RAMPZ0                           0
EIND0                            0
GPIOR20                          0
GPIOR21                          1
GPIOR22                          2
GPIOR23                          3
GPIOR24                          4
GPIOR25                          5
GPIOR26                          6
GPIOR27                          7
GPIOR10                          0
GPIOR11                          1
GPIOR12                          2
GPIOR13                          3
GPIOR14                          4
GPIOR15                          5
GPIOR16                          6
GPIOR17                          7
GPIOR00                          0
GPIOR01                          1
GPIOR02                          2
GPIOR03                          3
GPIOR04                          4
GPIOR05                          5
GPIOR06                          6
GPIOR07                          7
PRUSART1                         0
PRUSART2                         1
PRUSART3                         2
PRTIM3                           3
PRTIM4                           4
PRTIM5                           5
PRADC                            0
PRUSART0                         1
PRSPI                            2
PRTIM1                           3
PRTIM0                           5
PRTIM2                           6
PRTWI                            7
TWAM0                            1
TWAMR0                           TWAM0
TWAM1                            2
TWAMR1                           TWAM1
TWAM2                            3
TWAMR2                           TWAM2
TWAM3                            4
TWAMR3                           TWAM3
TWAM4                            5
TWAMR4                           TWAM4
TWAM5                            6
TWAMR5                           TWAM5
TWAM6                            7
TWAMR6                           TWAM6
TWBR0                            0
TWBR1                            1
TWBR2                            2
TWBR3                            3
TWBR4                            4
TWBR5                            5
TWBR6                            6
TWBR7                            7
TWIE                             0
TWEN                             2
TWWC                             3
TWSTO                            4
TWSTA                            5
TWEA                             6
TWINT                            7
TWPS0                            0
TWPS1                            1
TWS3                             3
TWS4                             4
TWS5                             5
TWS6                             6
TWS7                             7
TWD0                             0
TWD1                             1
TWD2                             2
TWD3                             3
TWD4                             4
TWD5                             5
TWD6                             6
TWD7                             7
TWGCE                            0
TWA0                             1
TWA1                             2
TWA2                             3
TWA3                             4
TWA4                             5
TWA5                             6
TWA6                             7
SPDR0                            0
SPDR1                            1
SPDR2                            2
SPDR3                            3
SPDR4                            4
SPDR5                            5
SPDR6                            6
SPDR7                            7
SPI2X                            0
WCOL                             6
SPIF                             7
SPR0                             0
SPR1                             1
CPHA                             2
CPOL                             3
MSTR                             4
DORD                             5
SPE                              6
SPIE                             7
UDR1_0                           0
UDR1_1                           1
UDR1_2                           2
UDR1_3                           3
UDR1_4                           4
UDR1_5                           5
UDR1_6                           6
UDR1_7                           7
MPCM1                            0
U2X1                             1
U2X                              1
UPE1                             2
DOR1                             3
FE1                              4
UDRE1                            5
TXC1                             6
RXC1                             7
TXB81                            0
RXB81                            1
UCSZ12                           2
TXEN1                            3
RXEN1                            4
UDRIE1                           5
TXCIE1                           6
RXCIE1                           7
UCPOL1                           0
UCSZ10                           1
UCSZ11                           2
USBS1                            3
UPM10                            4
UPM11                            5
UMSEL10                          6
UMSEL11                          7
UBRR8                            0
UBRR9                            1
UBRR10                           2
UBRR11                           3
UBRR0                            0
UBRR1                            1
UBRR2                            2
UBRR3                            3
UBRR4                            4
UBRR5                            5
UBRR6                            6
UBRR7                            7
DETACH                           0
RMWKUP                           1
LSM                              2
SUSPI                            0
MSOFI                            1
SOFI                             2
EORSTI                           3
WAKEUPI                          4
EORSMI                           5
UPRSMI                           6
SUSPE                            0
MSOFE                            1
SOFE                             2
EORSTE                           3
WAKEUPE                          4
EORSME                           5
UPRSME                           6
UDADDR0                          0
UDADDR1                          1
UDADDR2                          2
UDADDR3                          3
UDADDR4                          4
UDADDR5                          5
UDADDR6                          6
ADDEN                            7
UDFNUML_0                        0
UDFNUML_1                        1
UDFNUML_2                        2
UDFNUML_3                        3
UDFNUML_4                        4
UDFNUML_5                        5
UDFNUML_6                        6
UDFNUML_7                        7
UDFNUMH_0                        0
UDFNUMH_1                        1
UDFNUMH_2                        2
FNCERR                           4
TXINI                            0
STALLEDI                         1
RXOUTI                           2
RXSTPI                           3
NAKOUTI                          4
RWAL                             5
NAKINI                           6
FIFOCON                          7
UENUM_0                          0
UENUM_1                          1
UENUM_2                          2
EPRST0                           0
EPRST1                           1
EPRST2                           2
EPRST3                           3
EPRST4                           4
EPRST5                           5
EPRST6                           6
EPEN                             0
RSTDT                            3
STALLRQC                         4
STALLRQ                          5
EPDIR                            0
EPTYPE0                          6
EPTYPE1                          7
ALLOC                            1
EPBK0                            2
EPBK1                            3
EPSIZE0                          4
EPSIZE1                          5
EPSIZE2                          6
NBUSYBK0                         0
NBUSYBK1                         1
DTSEQ0                           2
DTSEQ1                           3
ZLPSEEN                          4
UNDERFI                          5
OVERFI                           6
CFGOK                            7
CURRBK0                          0
CURRBK1                          1
CTRLDIR                          2
TXINE                            0
STALLEDE                         1
RXOUTE                           2
RXSTPE                           3
NAKOUTE                          4
NAKINE                           6
FLERRE                           7
UEDATX_0                         0
UEDATX_1                         1
UEDATX_2                         2
UEDATX_3                         3
UEDATX_4                         4
UEDATX_5                         5
UEDATX_6                         6
UEDATX_7                         7
UEBCLX_0                         0
UEBCLX_1                         1
UEBCLX_2                         2
UEBCLX_3                         3
UEBCLX_4                         4
UEBCLX_5                         5
UEBCLX_6                         6
UEBCLX_7                         7
UEBCHX_0                         0
UEBCHX_1                         1
UEBCHX_2                         2
UEINT_0                          0
UEINT_1                          1
UEINT_2                          2
UEINT_3                          3
UEINT_4                          4
UEINT_5                          5
UEINT_6                          6
SPMEN                            0
PGERS                            1
PGWRT                            2
BLBSET                           3
RWWSRE                           4
SIGRD                            5
RWWSB                            6
SPMIE                            7
EEAR8                            0
EEAR9                            1
EEAR10                           2
EEAR11                           3
EEAR0                            0
EEAR1                            1
EEAR2                            2
EEAR3                            3
EEAR4                            4
EEAR5                            5
EEAR6                            6
EEAR7                            7
EEDR0                            0
EEDR1                            1
EEDR2                            2
EEDR3                            3
EEDR4                            4
EEDR5                            5
EEDR6                            6
EEDR7                            7
EERE                             0
EEPE                             1
EEMPE                            2
EERIE                            3
EEPM0                            4
EEPM1                            5
TOIE0                            0
OCIE0A                           1
OCIE0B                           2
TOV0                             0
OCF0A                            1
OCF0B                            2
WGM00                            0
WGM01                            1
COM0B0                           4
COM0B1                           5
COM0A0                           6
COM0A1                           7
CS00                             0
CS01                             1
CS02                             2
WGM02                            3
FOC0B                            6
FOC0A                            7
TCNT0_0                          0
TCNT0_1                          1
TCNT0_2                          2
TCNT0_3                          3
TCNT0_4                          4
TCNT0_5                          5
TCNT0_6                          6
TCNT0_7                          7
OCROA_0                          0
OCROA_1                          1
OCROA_2                          2
OCROA_3                          3
OCROA_4                          4
OCROA_5                          5
OCROA_6                          6
OCROA_7                          7
OCR0B_0                          0
OCR0B_1                          1
OCR0B_2                          2
OCR0B_3                          3
OCR0B_4                          4
OCR0B_5                          5
OCR0B_6                          6
OCR0B_7                          7
PSRSYNC                          0
PSR10                            PSRSYNC
TSM                              7
TOIE2                            0
TOIE2A                           TOIE2
OCIE2A                           1
OCIE2B                           2
TOV2                             0
OCF2A                            1
OCF2B                            2
WGM20                            0
WGM21                            1
COM2B0                           4
COM2B1                           5
COM2A0                           6
COM2A1                           7
CS20                             0
CS21                             1
CS22                             2
WGM22                            3
FOC2B                            6
FOC2A                            7
TCNT2_0                          0
TCNT2_1                          1
TCNT2_2                          2
TCNT2_3                          3
TCNT2_4                          4
TCNT2_5                          5
TCNT2_6                          6
TCNT2_7                          7
OCR2_0                           0
OCR2_1                           1
OCR2_2                           2
OCR2_3                           3
OCR2_4                           4
OCR2_5                           5
OCR2_6                           6
OCR2_7                           7
TCR2BUB                          0
TCR2AUB                          1
OCR2BUB                          2
OCR2AUB                          3
TCN2UB                           4
AS2                              5
EXCLK                            6
PSRASY                           1
PSR2                             PSRASY
TOIE3                            0
OCIE3A                           1
OCIE3B                           2
OCIE3C                           3
ICIE3                            5
TOV3                             0
OCF3A                            1
OCF3B                            2
OCF3C                            3
ICF3                             5
WGM30                            0
WGM31                            1
COM3C0                           2
COM3C1                           3
COM3B0                           4
COM3B1                           5
COM3A0                           6
COM3A1                           7
CS30                             0
CS31                             1
CS32                             2
WGM32                            3
WGM33                            4
ICES3                            6
ICNC3                            7
FOC3C                            5
FOC3B                            6
FOC3A                            7
TOIE1                            0
OCIE1A                           1
OCIE1B                           2
OCIE1C                           3
ICIE1                            5
TOV1                             0
OCF1A                            1
OCF1B                            2
OCF1C                            3
ICF1                             5
WGM10                            0
WGM11                            1
COM1C0                           2
COM1C1                           3
COM1B0                           4
COM1B1                           5
COM1A0                           6
COM1A1                           7
CS10                             0
CS11                             1
CS12                             2
WGM12                            3
WGM13                            4
ICES1                            6
ICNC1                            7
FOC1C                            5
FOC1B                            6
FOC1A                            7
OCDR0                            0
OCDR1                            1
OCDR2                            2
OCDR3                            3
OCDR4                            4
OCDR5                            5
OCDR6                            6
OCDR7                            7
IDRD                             OCDR7
ISC00                            0
ISC01                            1
ISC10                            2
ISC11                            3
ISC20                            4
ISC21                            5
ISC30                            6
ISC31                            7
ISC40                            0
ISC41                            1
ISC50                            2
ISC51                            3
ISC60                            4
ISC61                            5
ISC70                            6
ISC71                            7
INT0                             0
INT1                             1
INT2                             2
INT3                             3
INT4                             4
INT5                             5
INT6                             6
INT7                             7
INTF0                            0
INTF1                            1
INTF2                            2
INTF3                            3
INTF4                            4
INTF5                            5
INTF6                            6
INTF7                            7
PCIE0                            0
PCIE1                            1
PCIE2                            2
PCIF0                            0
PCIF1                            1
PCIF2                            2
PCINT0                           0
PCINT1                           1
PCINT2                           2
PCINT3                           3
PCINT4                           4
PCINT5                           5
PCINT6                           6
PCINT7                           7
MUX0                             0
MUX1                             1
MUX2                             2
MUX3                             3
MUX4                             4
ADLAR                            5
REFS0                            6
REFS1                            7
ADPS0                            0
ADPS1                            1
ADPS2                            2
ADIE                             3
ADIF                             4
ADATE                            5
ADSC                             6
ADEN                             7
ADCH0                            0
ADCH1                            1
ADCH2                            2
ADCH3                            3
ADCH4                            4
ADCH5                            5
ADCH6                            6
ADCH7                            7
ADCL0                            0
ADCL1                            1
ADCL2                            2
ADCL3                            3
ADCL4                            4
ADCL5                            5
ADCL6                            6
ADCL7                            7
ADTS0                            0
ADTS1                            1
ADTS2                            2
ADHSM                            7
ADC0D                            0
ADC1D                            1
ADC2D                            2
ADC3D                            3
ADC4D                            4
ADC5D                            5
ADC6D                            6
ADC7D                            7
ACME                             6
ACIS0                            0
ACIS1                            1
ACIC                             2
ACIE                             3
ACI                              4
ACO                              5
ACBG                             6
ACD                              7
AIN0D                            0
AIN1D                            1
PLOCK                            0
PLLE                             1
PLLP0                            2
PLLP1                            3
PLLP2                            4
UVREGE                           0
UVCONE                           4
UIDE                             6
UIMOD                            7
VBUSTE                           0
IDTE                             1
OTGPADE                          4
FRZCLK                           5
HOST                             6
USBE                             7
VBUS                             0
ID                               1
SPEED                            3
VBUSTI                           0
IDTI                             1
LB1                              0
LB2                              1
BLB01                            2
BLB02                            3
BLB11                            4
BLB12                            5
CKSEL0                           0
CKSEL1                           1
CKSEL2                           2
CKSEL3                           3
SUT0                             4
SUT1                             5
CKOUT                            6
CLKDIV8                          7
BOOTRST                          0
BOOTSZ0                          1
BOOTSZ1                          2
EESAVE                           3
WDTON                            4
SPIEN                            5
JTAGEN                           6
OCDEN                            7
BODLEVEL0                        0
BODLEVEL1                        1
BODLEVEL2                        2
HWBE                             3
_DATE_FORMAT                     0
_DATE_SEPARATOR                  92
_GSTRBUF                         6912
_DECIMALPOINT                    46
_RTSCTS                          0
_RTSCTS1                         0
_RTSCTS3                         0
_RTSCTS4                         0
_CHIP                            70
_RAMSIZE                         8192
_ERAMSIZE                        4096
_SIM                             0
_BASE                            1
_XTAL                            8000000
_BUILD                           20710
_COMPILER                        90
_HWMUL                           1
_ROMSIZE                         131072
_DOSFILEWRITE                    0
_DOSDIRWRITE                     0
_1WEXT                           0
_ADC_REFMODEL                    0
_UARTS                           1
_HWSTACKSTART                    8447
_TIMEOUT                         0
_PRDWORD                         0
_PBIN_EXTENDED                   0
_HWSTACK_LOW                      7935
_SWSTACK_LOW                      7424
_FRAME_HIGH                       7424
_XMEGA                           0
PORTRAIT                         1
ALICEBLUE                         63455
ANTIQUEWHITE                      65370
AQUA                              2047
AQUAMARINE                        32762
AZURE                             63487
BEIGE                             63419
BISQUE                            65336
BLACK                             0
BLANCHEDALMOND                    65369
BLUE                              31
BLUEVIOLET                        35164
BROWN                             41285
BURLYWOOD                         56784
CADETBLUE                         23796
CHARTREUSE                        32736
CHOCOLATE                         54083
CORAL                             64490
CORNFLOWERBLUE                    25789
CORNSILK                          65499
CRIMSON                           55463
CYAN                              2047
DARKBLUE                          17
DARKCYAN                          1105
DARKGOLDENROD                     48161
DARKGRAY                          44373
DARKGREEN                         800
DARKKHAKI                         48557
DARKMAGENTA                       34833
DARKOLIVEGREEN                    21317
DARKORANGE                        64608
DARKORCHID                        39321
DARKRED                           34816
DARKSALMON                        60591
DARKSEAGREEN                      36337
DARKSLATEBLUE                     18929
DARKSLATEGRAY                     10857
DARKTURQUOISE                     1658
DARKVIOLET                        36890
DARKYELLOW                        63232
DEEPPINK                          63666
DEEPSKYBLUE                       1535
DIMGRAY                           27469
DODGERBLUE                        7327
FIREBRICK                         45316
FLORALWHITE                       65502
FORESTGREEN                       9284
FUCHSIA                           63519
GAINSBORO                         57083
GHOSTWHITE                        65503
GOLD                              65184
GOLDENROD                         56612
GRAY                              33808
GREEN                             2016
GREEN1                            1792
GREENYELLOW                       45029
HONEYDEW                          63486
HOTPINK                           64342
INDIANRED                         51947
INDIGO                            18448
IVORY                             65534
KHAKI                             63281
LAVENDER                          59199
LAVENDERBLUSH                     65438
LAWNGREEN                         32736
LEMONCHIFFON                      65497
LIGHTBLUE                         44764
LIGHTCORAL                        62480
LIGHTCYAN                         59391
LIGHTGOLD                         65498
LIGHTGREEN                        38770
LIGHTGREY                         54938
LIGHTPINK                         64952
LIGHTSALMON                       64783
LIGHTSEAGREEN                     9621
LIGHTSKYBLUE                      34431
LIGHTSLATEGRAY                    29779
LIGHTSTEELBLUE                    46651
LIGHTYELLOW                       65532
LIME                              2016
LIMEGREEN                         13926
LINEN                             65436
MAGENTA                           63519
MAROON                            32768
MEDIUMAQUAMARINE                  26229
MEDIUMBLUE                        25
MEDIUMORCHID                      47802
MEDIUMPURPLE                      37787
MEDIUMSEAGREEN                    15758
MEDIUMSLATEBLUE                   31581
MEDIUMSPRINGGREEN                 2003
MEDIUMTURQUOISE                   20121
MEDIUMVIOLETRED                   49328
MIDNIGHTBLUE                      6350
MINTCREAM                         63487
MISTYROSE                         65340
MOCCASIN                          65334
NAVAJOWHITE                       65269
NAVY                              16
OLDLACE                           65468
OLIVE                             33792
OLIVEDRAB                         27748
ORANGE                            64800
ORANGERED                         64032
ORCHID                            56218
PALEGOLDENROD                     61269
PALEGREEN                         40915
PALETURQUOISE                     44925
PALEVIOLETRED                     56210
PAPAYAWHIP                        65402
PEACHPUFF                         65239
PERU                              52263
PLUM                              56603
POWDERBLUE                        46876
PURPLE                            32784
RED                               63488
ROSYBROWN                         48241
ROYALBLUE                         17244
SADDLEBROWN                       35362
SALMON                            64526
SANDYBROWN                        62764
SEAGREEN                          11338
SEASHELL                          65469
SIENNA                            41605
SILVER                            50712
SKYBLUE                           34429
SLATEBLUE                         27353
SLATEGRAY                         29714
SNOW                              65503
SPRINGGREEN                       2031
STEELBLUE                         17430
TEAL                              1040
THISTLE                           56827
TOMATO                            64264
TURQUOISE                         18202
VIOLET                            60445
WHEAT                             63222
WHITE                             65535
WHITESMOKE                        63422
YELLOW                            65504
YELLOWGREEN                       40550


--------------------------------------------------------------------------------
Warnings:
--------------------------------------------------------------------------------
UDFNUM                           not used
UHFNUM                           not used
UDPADD                           not used
UBRR1                            not used
OCR3C                            not used
PWM3C                            not used
OCR3B                            not used
PWM3B                            not used
OCR3A                            not used
PWM3A                            not used
ICR3                             not used
TCNT3                            not used
OCR1C                            not used
PWM1C                            not used
OCR1B                            not used
PWM1B                            not used
OCR1A                            not used
ICR1                             not used
TCNT1                            not used
ADC                              not used
SP                               not used
EEAR                             not used
COMPARE3C                        not used
PWM3C                            not used
COMPARE3B                        not used
PWM3B                            not used
COMPARE3A                        not used
PWM3A                            not used
CAPTURE3                         not used
TIMER3                           not used
COMPARE1C                        not used
PWM1C                            not used
PWM1B                            not used
ADCD                             not used
CAPTURE3                         not used
COMPARE1                         not used
PWM1B                            not used
PWM1C                            not used
COMPARE1C                        not used
COUNTER3                         not used
TIMER3                           not used
COMPARE3A                        not used
PWM3A                            not used
COMPARE3                         not used
PWM3B                            not used
COMPARE3B                        not used
PWM3C                            not used
COMPARE3C                        not used
PWM0A                            not used
PWM0B                            not used
PWM2A                            not used
PWM2B                            not used
M                                not used

Source string could be too big to fit into target string [TEXT>___XL]  in line  61 
Source string could be too big to fit into target string [TEXT>___XL]  in line  73 
Source string could be too big to fit into target string [TEXT>___XL]  in line  84 
