RAM Allocation [bytes]
Variable                                                                          Address   Size
------------------------------------------------------------------------------------------------
__ds18b20_scratch_pad                                                             0x026A       9
ds1820_rom_codes                                                                  0x0273      72
glcd_state                                                                        0x02BB      29
sh_year                                                                           0x02D8       2
_weekday                                                                          0x02DA      28
strsec                                                                            0x02F6      12
selection                                                                         0x0302       1
j                                                                                 0x0303       1
lsec                                                                              0x0304       1
str                                                                               0x0305      10
state                                                                             0x030F       7
temp                                                                              0x0316       4
st7920_graphics_on                                                                0x031A       1
st7920_bits8_15                                                                   0x031B       1
xt                                                                                0x031C       1
yt                                                                                0x031D       1
_seed                                                                             0x031E       4

EEPROM Allocation [bytes]
Variable                                                                          Address   Size
------------------------------------------------------------------------------------------------

Register Allocation
Variable                                                                          Register  Size
------------------------------------------------------------------------------------------------
ds1820_devices                                                                    R5           1
c                                                                                 R4           1
_hour                                                                             R7           1
_min                                                                              R6           1
_sec                                                                              R9           1
_wday                                                                             R8           1
_year                                                                             R11          1
_month                                                                            R10          1
_day                                                                              R13          1
lastsec                                                                           R12          1
a                                                                                 R2.0      1bit
blank                                                                             R2.1      1bit
issame                                                                            R2.2      1bit

FLASH Allocation [words]
Function                                                                          Address   Size
------------------------------------------------------------------------------------------------
readtemp                                                                          0x00A2B     25
changeclock                                                                       0x00A44    505
readclock                                                                         0x00C3D     89
timer1_ovf_isr                                                                    0x00C96      7
main                                                                              0x00C9D    291
put_buff_G100                                                                     0x00DC0     58
_ftoe_G100                                                                        0x00DFA    210
_print_G100                                                                       0x00ECC    538
sprintf                                                                           0x010E6     52
rtc_init                                                                          0x0111A     26
rtc_get_time                                                                      0x01134     25
rtc_set_time                                                                      0x0114D     14
rtc_get_date                                                                      0x0115B     27
rtc_set_date                                                                      0x01176     17
memset                                                                            0x01187     16
strcmpf                                                                           0x01197     20
strcpy                                                                            0x011AB     13
strcpyf                                                                           0x011B8     13
strlen                                                                            0x011C5     12
strlenf                                                                           0x011D1     13
ds18b20_select                                                                    0x011DE     34
ds18b20_read_spd                                                                  0x01200     45
ds18b20_temperature                                                               0x0122D     78
st7920_delay_G104                                                                 0x0127B      4
st7920_wrbus_G104                                                                 0x0127F     63
st7920_rdbus_G104                                                                 0x012BE     31
st7920_busy_G104                                                                  0x012DD     27
st7920_wrdata                                                                     0x012F8      6
st7920_rddata                                                                     0x012FE      4
st7920_wrcmd                                                                      0x01302      5
st7920_setxy_G104                                                                 0x01307     20
glcd_display                                                                      0x0131B     24
glcd_cleartext                                                                    0x01333     13
glcd_cleargraphics                                                                0x01340     38
glcd_clear                                                                        0x01366      3
glcd_init                                                                         0x01369    172
st7920_rdbyte_G104                                                                0x01415     16
st7920_wrbyte_G104                                                                0x01425     16
st7920_wrmasked_G104                                                              0x01435     73
glcd_block                                                                        0x0147E    445
lcd_gotoxy                                                                        0x0163B     31
glcd_putcharcg                                                                    0x0165A     45
lcd_putchar                                                                       0x01687     44
lcd_puts                                                                          0x016B3     17
glcd_clipx                                                                        0x016C4     21
glcd_clipy                                                                        0x016D9     21
glcd_imagesize                                                                    0x016EE     44
glcd_putimagef                                                                    0x0171A     46
glcd_moveto                                                                       0x01748     13
ftrunc                                                                            0x01755     49
floor                                                                             0x01786     24
ftoa                                                                              0x0179E    194
bcd2bin                                                                           0x01860     13
bin2bcd                                                                           0x0186D     10
glcd_getmask                                                                      0x01877     11
glcd_mappixcolor1bit                                                              0x01882     40
glcd_readmem                                                                      0x018AA     31
glcd_writemem                                                                     0x018C9     31
glcd_revbits                                                                      0x018E8     19
