RAM Allocation [bytes]
Variable                                                                          Address   Size
------------------------------------------------------------------------------------------------
__ds18b20_scratch_pad                                                             0x029A       9
ds1820_rom_codes                                                                  0x02A3      72
glcd_state                                                                        0x02EB      29
sh_year                                                                           0x0308       2
_weekday                                                                          0x030A      28
strsec                                                                            0x0326      12
selection                                                                         0x0332       1
j                                                                                 0x0333       1
lsec                                                                              0x0334       1
str                                                                               0x0335      10
state                                                                             0x033F       1
temp                                                                              0x0340       4
st7920_graphics_on                                                                0x0344       1
st7920_bits8_15                                                                   0x0345       1
xt                                                                                0x0346       1
yt                                                                                0x0347       1
_seed                                                                             0x0348       4

EEPROM Allocation [bytes]
Variable                                                                          Address   Size
------------------------------------------------------------------------------------------------
onhour                                                                            0x0000       1
offhour                                                                           0x0001       1
onmin                                                                             0x0002       1
offmin                                                                            0x0003       1

Register Allocation
Variable                                                                          Register  Size
------------------------------------------------------------------------------------------------
ds1820_devices                                                                    R5           1
c                                                                                 R4           1
i                                                                                 R7           1
_hour                                                                             R6           1
_min                                                                              R9           1
_sec                                                                              R8           1
_wday                                                                             R11          1
_year                                                                             R10          1
_month                                                                            R13          1
_day                                                                              R12          1
a                                                                                 R2.0      1bit
blank                                                                             R2.1      1bit
issame                                                                            R2.2      1bit
motor                                                                             R2.3      1bit
heateng                                                                           R2.4      1bit
chiller                                                                           R2.5      1bit
non3                                                                              R2.6      1bit
non4                                                                              R2.7      1bit
non5                                                                              R3.0      1bit
non6                                                                              R3.1      1bit
non7                                                                              R3.2      1bit
heaters                                                                           R3.3      1bit
coolers                                                                           R3.4      1bit

FLASH Allocation [words]
Function                                                                          Address   Size
------------------------------------------------------------------------------------------------
readtemp                                                                          0x00D77     25
changeclock                                                                       0x00D90    478
readclock                                                                         0x00F6E     69
menusetting                                                                       0x00FB3    365
timer1_ovf_isr                                                                    0x01120      7
main                                                                              0x01127    453
putchar                                                                           0x012EC      7
put_usart_G100                                                                    0x012F3     10
put_buff_G100                                                                     0x012FD     58
_ftoe_G100                                                                        0x01337    210
_print_G100                                                                       0x01409    538
sprintf                                                                           0x01623     46
printf                                                                            0x01651     31
rtc_init                                                                          0x01670     26
rtc_get_time                                                                      0x0168A     25
rtc_set_time                                                                      0x016A3     14
rtc_get_date                                                                      0x016B1     27
rtc_set_date                                                                      0x016CC     17
memset                                                                            0x016DD     16
strcpy                                                                            0x016ED     13
strcpyf                                                                           0x016FA     13
strlen                                                                            0x01707     12
strlenf                                                                           0x01713     13
ds18b20_select                                                                    0x01720     34
ds18b20_read_spd                                                                  0x01742     45
ds18b20_temperature                                                               0x0176F     78
st7920_delay_G104                                                                 0x017BD      4
st7920_wrbus_G104                                                                 0x017C1     63
st7920_rdbus_G104                                                                 0x01800     31
st7920_busy_G104                                                                  0x0181F     27
st7920_wrdata                                                                     0x0183A      6
st7920_rddata                                                                     0x01840      4
st7920_wrcmd                                                                      0x01844      5
st7920_setxy_G104                                                                 0x01849     20
glcd_display                                                                      0x0185D     24
glcd_cleartext                                                                    0x01875     13
glcd_cleargraphics                                                                0x01882     38
glcd_clear                                                                        0x018A8      3
glcd_init                                                                         0x018AB    174
st7920_rdbyte_G104                                                                0x01959     16
st7920_wrbyte_G104                                                                0x01969     16
st7920_wrmasked_G104                                                              0x01979     73
glcd_block                                                                        0x019C2    445
lcd_gotoxy                                                                        0x01B7F     31
glcd_putcharcg                                                                    0x01B9E     45
lcd_putchar                                                                       0x01BCB     44
lcd_puts                                                                          0x01BF7     17
glcd_clipx                                                                        0x01C08     21
glcd_clipy                                                                        0x01C1D     21
glcd_imagesize                                                                    0x01C32     44
glcd_putimagef                                                                    0x01C5E     46
glcd_moveto                                                                       0x01C8C     13
ftrunc                                                                            0x01C99     49
floor                                                                             0x01CCA     24
ftoa                                                                              0x01CE2    194
bcd2bin                                                                           0x01DA4     13
bin2bcd                                                                           0x01DB1     10
glcd_getmask                                                                      0x01DBB     11
glcd_mappixcolor1bit                                                              0x01DC6     40
glcd_readmem                                                                      0x01DEE     31
glcd_writemem                                                                     0x01E0D     31
glcd_revbits                                                                      0x01E2C     19
