RAM Allocation [bytes]
Variable                                                                          Address   Size
------------------------------------------------------------------------------------------------
__ds18b20_scratch_pad                                                             0x029A       9
ds1820_rom_codes                                                                  0x02A3      72
glcd_state                                                                        0x02EB      29
sh_year                                                                           0x0308       2
_weekday                                                                          0x030A      28
strsec                                                                            0x0326      12
selection                                                                         0x0332       1
j                                                                                 0x0333       1
lsec                                                                              0x0334       1
str                                                                               0x0335      10
state                                                                             0x033F       1
temp                                                                              0x0340       4
st7920_graphics_on                                                                0x0344       1
st7920_bits8_15                                                                   0x0345       1
xt                                                                                0x0346       1
yt                                                                                0x0347       1
_seed                                                                             0x0348       4

EEPROM Allocation [bytes]
Variable                                                                          Address   Size
------------------------------------------------------------------------------------------------
onhour                                                                            0x0000       1
offhour                                                                           0x0001       1
onmin                                                                             0x0002       1
offmin                                                                            0x0003       1

Register Allocation
Variable                                                                          Register  Size
------------------------------------------------------------------------------------------------
ds1820_devices                                                                    R5           1
c                                                                                 R4           1
i                                                                                 R7           1
_hour                                                                             R6           1
_min                                                                              R9           1
_sec                                                                              R8           1
_wday                                                                             R11          1
_year                                                                             R10          1
_month                                                                            R13          1
_day                                                                              R12          1
a                                                                                 R2.0      1bit
blank                                                                             R2.1      1bit
issame                                                                            R2.2      1bit
motor                                                                             R2.3      1bit
heateng                                                                           R2.4      1bit
chiller                                                                           R2.5      1bit
non3                                                                              R2.6      1bit
non4                                                                              R2.7      1bit
non5                                                                              R3.0      1bit
non6                                                                              R3.1      1bit
non7                                                                              R3.2      1bit

FLASH Allocation [words]
Function                                                                          Address   Size
------------------------------------------------------------------------------------------------
readtemp                                                                          0x00D77     25
changeclock                                                                       0x00D90    482
readclock                                                                         0x00F72     69
menusetting                                                                       0x00FB7    365
timer1_ovf_isr                                                                    0x01124      7
main                                                                              0x0112B    393
putchar                                                                           0x012B4      7
put_usart_G100                                                                    0x012BB     10
put_buff_G100                                                                     0x012C5     58
_ftoe_G100                                                                        0x012FF    210
_print_G100                                                                       0x013D1    538
sprintf                                                                           0x015EB     46
printf                                                                            0x01619     31
rtc_init                                                                          0x01638     26
rtc_get_time                                                                      0x01652     25
rtc_set_time                                                                      0x0166B     14
rtc_get_date                                                                      0x01679     27
rtc_set_date                                                                      0x01694     17
memset                                                                            0x016A5     16
strcpy                                                                            0x016B5     13
strcpyf                                                                           0x016C2     13
strlen                                                                            0x016CF     12
strlenf                                                                           0x016DB     13
ds18b20_select                                                                    0x016E8     34
ds18b20_read_spd                                                                  0x0170A     45
ds18b20_temperature                                                               0x01737     78
st7920_delay_G104                                                                 0x01785      4
st7920_wrbus_G104                                                                 0x01789     63
st7920_rdbus_G104                                                                 0x017C8     31
st7920_busy_G104                                                                  0x017E7     27
st7920_wrdata                                                                     0x01802      6
st7920_rddata                                                                     0x01808      4
st7920_wrcmd                                                                      0x0180C      5
st7920_setxy_G104                                                                 0x01811     20
glcd_display                                                                      0x01825     24
glcd_cleartext                                                                    0x0183D     13
glcd_cleargraphics                                                                0x0184A     38
glcd_clear                                                                        0x01870      3
glcd_init                                                                         0x01873    174
st7920_rdbyte_G104                                                                0x01921     16
st7920_wrbyte_G104                                                                0x01931     16
st7920_wrmasked_G104                                                              0x01941     73
glcd_block                                                                        0x0198A    445
lcd_gotoxy                                                                        0x01B47     31
glcd_putcharcg                                                                    0x01B66     45
lcd_putchar                                                                       0x01B93     44
lcd_puts                                                                          0x01BBF     17
glcd_clipx                                                                        0x01BD0     21
glcd_clipy                                                                        0x01BE5     21
glcd_imagesize                                                                    0x01BFA     44
glcd_putimagef                                                                    0x01C26     46
glcd_moveto                                                                       0x01C54     13
ftrunc                                                                            0x01C61     49
floor                                                                             0x01C92     24
ftoa                                                                              0x01CAA    194
bcd2bin                                                                           0x01D6C     13
bin2bcd                                                                           0x01D79     10
glcd_getmask                                                                      0x01D83     11
glcd_mappixcolor1bit                                                              0x01D8E     40
glcd_readmem                                                                      0x01DB6     31
glcd_writemem                                                                     0x01DD5     31
glcd_revbits                                                                      0x01DF4     19
