RAM Allocation [bytes]
Variable                                                                          Address   Size
------------------------------------------------------------------------------------------------
glcd_state                                                                        0x02A7      29
rot                                                                               0x02C4       1
Reverse                                                                           0x02C5       1
Horizontal                                                                        0x02C6       1
FgColor                                                                           0x02C7       2
BkColor                                                                           0x02C9       2
FontFixed                                                                         0x02CB       1
NonTransparence                                                                   0x02CC       1
FontWidth                                                                         0x02CD       1
FontHeight                                                                        0x02CE       1
FontXScale                                                                        0x02CF       1
FontYScale                                                                        0x02D0       1
FontSpaceX                                                                        0x02D1       1
FontSpaceY                                                                        0x02D2       1
cursorX                                                                           0x02D3       2
cursorY                                                                           0x02D5       2
peLETTER                                                                          0x02D7       1
str                                                                               0x02D8      20
st7920_graphics_on                                                                0x02EC       1
st7920_bits8_15                                                                   0x02ED       1
xt                                                                                0x02EE       1
yt                                                                                0x02EF       1
_seed                                                                             0x02F0       4

EEPROM Allocation [bytes]
Variable                                                                          Address   Size
------------------------------------------------------------------------------------------------

Register Allocation
Variable                                                                          Register  Size
------------------------------------------------------------------------------------------------
i                                                                                 R5           1
FontPointer                                                                       R6,R7        2
fontSize                                                                          R8,R9        2
firstchar                                                                         R4           1
lastchar                                                                          R11          1
charwidth                                                                         R10          1
prevLet                                                                           R13          1
nextLet                                                                           R12          1

FLASH Allocation [words]
Function                                                                          Address   Size
------------------------------------------------------------------------------------------------
main                                                                              0x00AA0    263
PutCharEN                                                                         0x00BA7    228
PutCharPE                                                                         0x00C8B    196
PutsPE                                                                            0x00D4F    255
LcdFont                                                                           0x00E4E     26
SetLetter                                                                         0x00E68     15
SetLine                                                                           0x00E77     40
PutChar                                                                           0x00E9F     11
Puts                                                                              0x00EAA     35
st7920_delay_G100                                                                 0x00ECD      4
st7920_wrbus_G100                                                                 0x00ED1     27
st7920_rdbus_G100                                                                 0x00EEC     20
st7920_busy_G100                                                                  0x00F00     26
st7920_wrdata                                                                     0x00F1A      6
st7920_rddata                                                                     0x00F20      4
st7920_wrcmd                                                                      0x00F24      5
st7920_setxy_G100                                                                 0x00F29     19
glcd_display                                                                      0x00F3C     25
glcd_cleartext                                                                    0x00F55     13
glcd_cleargraphics                                                                0x00F62     38
glcd_clear                                                                        0x00F88      3
glcd_init                                                                         0x00F8B    150
st7920_rdbyte_G100                                                                0x01021     15
st7920_wrbyte_G100                                                                0x01030     15
glcd_putpixel                                                                     0x0103F     42
st7920_wrmasked_G100                                                              0x01069     73
glcd_block                                                                        0x010B2    445
glcd_putcharcg                                                                    0x0126F     45
glcd_clipx                                                                        0x0129C     16
glcd_clipy                                                                        0x012AC     19
glcd_imagesize                                                                    0x012BF     42
glcd_getcharw_G101                                                                0x012E9    120
glcd_new_line_G101                                                                0x01361     19
glcd_putchar                                                                      0x01374    149
glcd_outtextxy                                                                    0x01409     16
glcd_outtextxyf                                                                   0x01419     18
glcd_putimagef                                                                    0x0142B     46
glcd_moveto                                                                       0x01459     12
ftoa                                                                              0x01465    199
put_buff_G104                                                                     0x0152C     58
_ftoe_G104                                                                        0x01566    234
_print_G104                                                                       0x01650    538
sprintf                                                                           0x0186A     52
memset                                                                            0x0189E     16
strcpyf                                                                           0x018AE     13
strlen                                                                            0x018BB     12
strlenf                                                                           0x018C7     13
ftrunc                                                                            0x018D4     49
floor                                                                             0x01905     22
glcd_getmask                                                                      0x0191B     11
glcd_mappixcolor1bit                                                              0x01926     40
glcd_readmem                                                                      0x0194E     31
glcd_writemem                                                                     0x0196D     31
glcd_revbits                                                                      0x0198C     19
