RAM Allocation [bytes]
Variable                                                                          Address   Size
------------------------------------------------------------------------------------------------
__ds18b20_scratch_pad                                                             0x0269       9
ds1820_rom_codes                                                                  0x0272      72
glcd_state                                                                        0x02BA      29
temp                                                                              0x02D7       4
buffer                                                                            0x02DB      16
st7920_graphics_on                                                                0x02EB       1
st7920_bits8_15                                                                   0x02EC       1
xt                                                                                0x02ED       1
yt                                                                                0x02EE       1
_seed                                                                             0x02EF       4

EEPROM Allocation [bytes]
Variable                                                                          Address   Size
------------------------------------------------------------------------------------------------

Register Allocation
Variable                                                                          Register  Size
------------------------------------------------------------------------------------------------
ds1820_devices                                                                    R5           1
a                                                                                 R4           1

FLASH Allocation [words]
Function                                                                          Address   Size
------------------------------------------------------------------------------------------------
timer1_ovf_isr                                                                    0x003DC      7
main                                                                              0x003E3    164
put_buff_G100                                                                     0x00487     58
_ftoe_G100                                                                        0x004C1    210
_print_G100                                                                       0x00593    538
sprintf                                                                           0x007AD     52
ds18b20_select                                                                    0x007E1     34
ds18b20_read_spd                                                                  0x00803     45
ds18b20_temperature                                                               0x00830     76
st7920_delay_G102                                                                 0x0087C      4
st7920_wrbus_G102                                                                 0x00880     27
st7920_rdbus_G102                                                                 0x0089B     20
st7920_busy_G102                                                                  0x008AF     26
st7920_wrdata                                                                     0x008C9      6
st7920_rddata                                                                     0x008CF      4
st7920_wrcmd                                                                      0x008D3      5
st7920_setxy_G102                                                                 0x008D8     20
glcd_display                                                                      0x008EC     24
glcd_cleartext                                                                    0x00904     13
glcd_cleargraphics                                                                0x00911     38
glcd_init                                                                         0x00937    156
st7920_rdbyte_G102                                                                0x009D3     16
st7920_wrbyte_G102                                                                0x009E3     16
st7920_wrmasked_G102                                                              0x009F3     73
glcd_block                                                                        0x00A3C    445
lcd_gotoxy                                                                        0x00BF9     31
glcd_putcharcg                                                                    0x00C18     44
lcd_putchar                                                                       0x00C44     44
lcd_puts                                                                          0x00C70     17
glcd_clipx                                                                        0x00C81     21
glcd_clipy                                                                        0x00C96     21
glcd_imagesize                                                                    0x00CAB     44
glcd_putimagef                                                                    0x00CD7     46
glcd_moveto                                                                       0x00D05     13
memset                                                                            0x00D12     16
strcpyf                                                                           0x00D22     13
strlen                                                                            0x00D2F     12
strlenf                                                                           0x00D3B     13
ftrunc                                                                            0x00D48     49
floor                                                                             0x00D79     22
ftoa                                                                              0x00D8F    194
glcd_getmask                                                                      0x00E51     11
glcd_mappixcolor1bit                                                              0x00E5C     40
glcd_readmem                                                                      0x00E84     31
glcd_writemem                                                                     0x00EA3     31
glcd_revbits                                                                      0x00EC2     19
