RAM Allocation [bytes]
Variable                                                                          Address   Size
------------------------------------------------------------------------------------------------
__ds18b20_scratch_pad                                                             0x0269       9
ds1820_rom_codes                                                                  0x0272      72
glcd_state                                                                        0x02BA      29
temp                                                                              0x02D7       4
buffer                                                                            0x02DB      16
st7920_graphics_on                                                                0x02EB       1
st7920_bits8_15                                                                   0x02EC       1
xt                                                                                0x02ED       1
yt                                                                                0x02EE       1
_seed                                                                             0x02EF       4

EEPROM Allocation [bytes]
Variable                                                                          Address   Size
------------------------------------------------------------------------------------------------

Register Allocation
Variable                                                                          Register  Size
------------------------------------------------------------------------------------------------
ds1820_devices                                                                    R5           1
a                                                                                 R4           1

FLASH Allocation [words]
Function                                                                          Address   Size
------------------------------------------------------------------------------------------------
timer1_ovf_isr                                                                    0x003DC      7
main                                                                              0x003E3    152
put_buff_G100                                                                     0x0047B     58
_ftoe_G100                                                                        0x004B5    210
_print_G100                                                                       0x00587    538
sprintf                                                                           0x007A1     52
ds18b20_select                                                                    0x007D5     36
ds18b20_read_spd                                                                  0x007F9     42
ds18b20_temperature                                                               0x00823     80
st7920_delay_G102                                                                 0x00873      4
st7920_wrbus_G102                                                                 0x00877     27
st7920_rdbus_G102                                                                 0x00892     20
st7920_busy_G102                                                                  0x008A6     26
st7920_wrdata                                                                     0x008C0      6
st7920_rddata                                                                     0x008C6      4
st7920_wrcmd                                                                      0x008CA      5
st7920_setxy_G102                                                                 0x008CF     19
glcd_display                                                                      0x008E2     24
glcd_cleargraphics                                                                0x008FA     38
glcd_init                                                                         0x00920    154
lcd_gotoxy                                                                        0x009BA     30
glcd_putcharcg                                                                    0x009D8     44
lcd_putchar                                                                       0x00A04     44
lcd_puts                                                                          0x00A30     15
lcd_putsf                                                                         0x00A3F     19
glcd_clipx                                                                        0x00A52     18
glcd_clipy                                                                        0x00A64     18
glcd_moveto                                                                       0x00A76     13
memset                                                                            0x00A83     16
strcpyf                                                                           0x00A93     13
strlen                                                                            0x00AA0     12
strlenf                                                                           0x00AAC     13
ftrunc                                                                            0x00AB9     49
floor                                                                             0x00AEA     23
ftoa                                                                              0x00B01    194
