RAM Allocation [bytes]
Variable                                                                          Address   Size
------------------------------------------------------------------------------------------------
datain                                                                            0x0163      30
rx_buffer                                                                         0x0181      16
tx_buffer                                                                         0x0191      16
_base_y                                                                           0x01A1       4

EEPROM Allocation [bytes]
Variable                                                                          Address   Size
------------------------------------------------------------------------------------------------

Register Allocation
Variable                                                                          Register  Size
------------------------------------------------------------------------------------------------
rx_wr_index                                                                       R5           1
rx_rd_index                                                                       R4           1
rx_counter                                                                        R7           1
rx_buffer_overflow                                                                R2.0      1bit
tx_wr_index                                                                       R6           1
tx_rd_index                                                                       R9           1
tx_counter                                                                        R8           1
_lcd_x                                                                            R11          1
_lcd_y                                                                            R10          1
_lcd_maxx                                                                         R13          1

FLASH Allocation [words]
Function                                                                          Address   Size
------------------------------------------------------------------------------------------------
usart_rx_isr                                                                      0x0006D     27
usart_tx_isr                                                                      0x00088     20
putchar                                                                           0x0009C     26
timer1_ovf_isr                                                                    0x000B6      4
main                                                                              0x000BA     86
strlen                                                                            0x00110     11
strlenf                                                                           0x0011B     12
_lcd_write_nibble_G101                                                            0x00127     31
_lcd_write_data                                                                   0x00146     12
lcd_gotoxy                                                                        0x00152     13
lcd_clear                                                                         0x0015F     10
lcd_putchar                                                                       0x00169     21
lcd_puts                                                                          0x0017E     15
lcd_putsf                                                                         0x0018D     17
lcd_init                                                                          0x0019E     43
put_usart_G102                                                                    0x001C9     12
_print_G102                                                                       0x001D5    279
printf                                                                            0x002EC     32
