RAM Allocation [bytes]
Variable                                                                          Address   Size
------------------------------------------------------------------------------------------------
glcd_state                                                                        0x02AE      29
rot                                                                               0x02CB       1
Reverse                                                                           0x02CC       1
Horizontal                                                                        0x02CD       1
FgColor                                                                           0x02CE       2
BkColor                                                                           0x02D0       2
FontFixed                                                                         0x02D2       1
NonTransparence                                                                   0x02D3       1
FontWidth                                                                         0x02D4       1
FontHeight                                                                        0x02D5       1
FontXScale                                                                        0x02D6       1
FontYScale                                                                        0x02D7       1
FontSpaceX                                                                        0x02D8       1
FontSpaceY                                                                        0x02D9       1
cursorX                                                                           0x02DA       2
cursorY                                                                           0x02DC       2
peLETTER                                                                          0x02DE       1
sh_year                                                                           0x02DF       2
_weekday                                                                          0x02E1      28
strsec                                                                            0x02FD      12
str                                                                               0x0309      20
i                                                                                 0x031D       1
FontPointer                                                                       0x031E       2
fontSize                                                                          0x0320       2
firstchar                                                                         0x0322       1
lastchar                                                                          0x0323       1
charwidth                                                                         0x0324       1
prevLet                                                                           0x0325       1
nextLet                                                                           0x0326       1
st7920_graphics_on                                                                0x0327       1
st7920_bits8_15                                                                   0x0328       1
xt                                                                                0x0329       1
yt                                                                                0x032A       1
_seed                                                                             0x032B       4

EEPROM Allocation [bytes]
Variable                                                                          Address   Size
------------------------------------------------------------------------------------------------

Register Allocation
Variable                                                                          Register  Size
------------------------------------------------------------------------------------------------
c                                                                                 R5           1
j                                                                                 R4           1
_hour                                                                             R7           1
_min                                                                              R6           1
_sec                                                                              R9           1
_wday                                                                             R8           1
_year                                                                             R11          1
_month                                                                            R10          1
_day                                                                              R13          1
lastsec                                                                           R12          1
a                                                                                 R2.0      1bit

FLASH Allocation [words]
Function                                                                          Address   Size
------------------------------------------------------------------------------------------------
main                                                                              0x00ACF    383
PutCharEN                                                                         0x00C4E    250
PutCharPE                                                                         0x00D48    215
PutsPE                                                                            0x00E1F    268
LcdFont                                                                           0x00F2B     42
SetLetter                                                                         0x00F55     16
SetLine                                                                           0x00F65     40
PutChar                                                                           0x00F8D     12
Puts                                                                              0x00F99     35
rtc_get_time                                                                      0x00FBC     21
rtc_get_date                                                                      0x00FD1     23
st7920_delay_G101                                                                 0x00FE8      4
st7920_wrbus_G101                                                                 0x00FEC     27
st7920_rdbus_G101                                                                 0x01007     20
st7920_busy_G101                                                                  0x0101B     26
st7920_wrdata                                                                     0x01035      6
st7920_rddata                                                                     0x0103B      4
st7920_wrcmd                                                                      0x0103F      5
st7920_setxy_G101                                                                 0x01044     19
glcd_display                                                                      0x01057     24
glcd_cleartext                                                                    0x0106F     13
glcd_cleargraphics                                                                0x0107C     38
glcd_clear                                                                        0x010A2      3
glcd_init                                                                         0x010A5    150
st7920_rdbyte_G101                                                                0x0113B     15
st7920_wrbyte_G101                                                                0x0114A     15
glcd_putpixel                                                                     0x01159     42
st7920_wrmasked_G101                                                              0x01183     73
glcd_block                                                                        0x011CC    445
lcd_gotoxy                                                                        0x01389     30
glcd_putcharcg                                                                    0x013A7     45
lcd_putchar                                                                       0x013D4     44
lcd_puts                                                                          0x01400     10
glcd_clipx                                                                        0x0140A     16
glcd_clipy                                                                        0x0141A     19
glcd_imagesize                                                                    0x0142D     42
glcd_getcharw_G102                                                                0x01457    120
glcd_new_line_G102                                                                0x014CF     19
glcd_putchar                                                                      0x014E2    149
glcd_outtextxy                                                                    0x01577     11
glcd_outtextxyf                                                                   0x01582     18
glcd_putimagef                                                                    0x01594     46
glcd_moveto                                                                       0x015C2     12
ftoa                                                                              0x015CE    199
put_buff_G105                                                                     0x01695     58
_ftoe_G105                                                                        0x016CF    234
_print_G105                                                                       0x017B9    538
sprintf                                                                           0x019D3     52
memset                                                                            0x01A07     16
strcpy                                                                            0x01A17     13
strcpyf                                                                           0x01A24     13
strlen                                                                            0x01A31     12
strlenf                                                                           0x01A3D     13
ftrunc                                                                            0x01A4A     49
floor                                                                             0x01A7B     22
bcd2bin                                                                           0x01A91     13
glcd_getmask                                                                      0x01A9E     11
glcd_mappixcolor1bit                                                              0x01AA9     40
glcd_readmem                                                                      0x01AD1     31
glcd_writemem                                                                     0x01AF0     31
glcd_revbits                                                                      0x01B0F     19
